2026-04-21T12:32:47,444  WARN PrepareForSimImpl:273 'usePersonIdForMissingVehicleId' is deprecated. It will be removed soon. Use
2026-04-21T12:32:47,444  WARN PrepareForSimImpl:274 		config.qsim().setUsePersonIdForMissingVehicleId( false );
2026-04-21T12:32:47,445  WARN PrepareForSimImpl:275 in code, and 
2026-04-21T12:32:47,445  WARN PrepareForSimImpl:276 	<module name="qsim" >
2026-04-21T12:32:47,446  WARN PrepareForSimImpl:277 		<param name="usePersonIdForMissingVehicleId" value="false" />
2026-04-21T12:32:47,446  WARN PrepareForSimImpl:278 in the config xml.
2026-04-21T12:32:47,475  WARN RandomizingTimeDistanceTravelDisutilityFactory:113 There will be no routing randomness for mode=car. The randomization of the travel disutility requires the monetary distance rate to be different than zero. Continuing anyway.
2026-04-21T12:32:47,475  WARN RandomizingTimeDistanceTravelDisutilityFactory:115 You can also set the width of the routing randomness to zero:
2026-04-21T12:32:47,475  WARN RandomizingTimeDistanceTravelDisutilityFactory:116 		config.routing().setRoutingRandomness( 0. );
2026-04-21T12:32:47,476  WARN RandomizingTimeDistanceTravelDisutilityFactory:117 in code, or
2026-04-21T12:32:47,476  WARN RandomizingTimeDistanceTravelDisutilityFactory:118 	<module name="routing" >
2026-04-21T12:32:47,476  WARN RandomizingTimeDistanceTravelDisutilityFactory:119 		<param name="routingRandomness" value="0." />
2026-04-21T12:32:47,477  WARN RandomizingTimeDistanceTravelDisutilityFactory:120 in the xml config
2026-04-21T12:32:47,477  WARN RandomizingTimeDistanceTravelDisutilityFactory:124 There will be no routing randomness for mode=car. The randomization of the travel disutility requires the travel time cost rate to be different than zero. Continuing anyway.
2026-04-21T12:32:48,106  WARN QueueWithBuffer:515 Link 1 too small: enlarge storage capacity from: 1333.3333333333333 Vehicles to: 3599.712023038157 Vehicles.  This is not fatal, but modifies the traffic flow dynamics.
2026-04-21T12:32:48,107  WARN QueueWithBuffer:515 Link 20 too small: enlarge storage capacity from: 1333.3333333333333 Vehicles to: 3599.712023038157 Vehicles.  This is not fatal, but modifies the traffic flow dynamics.
2026-04-21T12:32:48,107  WARN QueueWithBuffer:515 Link 21 too small: enlarge storage capacity from: 1333.3333333333333 Vehicles to: 3599.712023038157 Vehicles.  This is not fatal, but modifies the traffic flow dynamics.
2026-04-21T12:32:48,107  WARN QueueWithBuffer:515 Link 22 too small: enlarge storage capacity from: 4666.666666666667 Vehicles to: 12598.99208063355 Vehicles.  This is not fatal, but modifies the traffic flow dynamics.
2026-04-21T12:32:48,107  WARN QueueWithBuffer:515 Link 23 too small: enlarge storage capacity from: 1333.3333333333333 Vehicles to: 3599.712023038157 Vehicles.  This is not fatal, but modifies the traffic flow dynamics.
2026-04-21T12:32:49,986  WARN ExperiencedPlansServiceImpl:100 agentsRecords.size=100
2026-04-21T12:32:49,989  WARN ObjectAttributesConverter:96 No AttributeConverter found for class org.matsim.api.core.v01.Id$IdImpl. Not all attribute values can be converted.
2026-04-21T12:32:51,602  WARN QueueWithBuffer:515 Link 1 too small: enlarge storage capacity from: 1333.3333333333333 Vehicles to: 3599.712023038157 Vehicles.  This is not fatal, but modifies the traffic flow dynamics.
2026-04-21T12:32:51,603  WARN QueueWithBuffer:515 Link 20 too small: enlarge storage capacity from: 1333.3333333333333 Vehicles to: 3599.712023038157 Vehicles.  This is not fatal, but modifies the traffic flow dynamics.
2026-04-21T12:32:51,603  WARN QueueWithBuffer:515 Link 21 too small: enlarge storage capacity from: 1333.3333333333333 Vehicles to: 3599.712023038157 Vehicles.  This is not fatal, but modifies the traffic flow dynamics.
2026-04-21T12:32:51,603  WARN QueueWithBuffer:515 Link 22 too small: enlarge storage capacity from: 4666.666666666667 Vehicles to: 12598.99208063355 Vehicles.  This is not fatal, but modifies the traffic flow dynamics.
2026-04-21T12:32:51,603  WARN QueueWithBuffer:515 Link 23 too small: enlarge storage capacity from: 1333.3333333333333 Vehicles to: 3599.712023038157 Vehicles.  This is not fatal, but modifies the traffic flow dynamics.
2026-04-21T12:32:54,056  WARN QueueWithBuffer:515 Link 1 too small: enlarge storage capacity from: 1333.3333333333333 Vehicles to: 3599.712023038157 Vehicles.  This is not fatal, but modifies the traffic flow dynamics.
2026-04-21T12:32:54,057  WARN QueueWithBuffer:518 Additional warnings of this type are suppressed.
